2026-06-15 17:42:39,318 - root - INFO - Initializing Data Ingestion component...
2026-06-15 17:42:39,320 - root - INFO - Data Ingestion configuration loaded successfully.
2026-06-15 17:42:39,320 - root - INFO - ==================== Starting Data Ingestion Process ====================
2026-06-15 17:42:39,320 - root - INFO - Connecting to MongoDB database: 'Diabetes_DB' and collection: 'diabetes'...
2026-06-15 17:42:39,340 - root - INFO - Fetching data records from MongoDB...
2026-06-15 17:42:40,167 - root - INFO - Successfully fetched 70000 records from MongoDB.
2026-06-15 17:42:40,530 - root - INFO - Converted MongoDB records into Pandas DataFrame.
2026-06-15 17:42:40,534 - root - INFO - Dropping default MongoDB '_id' column from the DataFrame.
2026-06-15 17:42:40,553 - root - INFO - DataFrame shape after extraction: (70000, 13)
2026-06-15 17:42:40,597 - root - INFO - Exporting raw data to Feature Store path: Artifacts/2026_06_15_17_42_39/data_ingestion/feature_store/Diabetes_Data.csv
2026-06-15 17:42:40,928 - root - INFO - Raw data exported to Feature Store successfully.
2026-06-15 17:42:41,005 - root - INFO - Initiating Train-Test split on the DataFrame.
2026-06-15 17:42:41,018 - root - INFO - Split completed. Train shape: (55632, 14), Test shape: (13908, 14)
2026-06-15 17:42:41,018 - root - INFO - Creating directory structures for training and testing file splits.
2026-06-15 17:42:41,018 - root - INFO - Saving training file to: Artifacts/2026_06_15_17_42_39/data_ingestion/ingested/train.csv
2026-06-15 17:42:41,350 - root - INFO - Saving testing file to: Artifacts/2026_06_15_17_42_39/data_ingestion/ingested/test.csv
2026-06-15 17:42:41,427 - root - INFO - Train-Test files saved successfully.
2026-06-15 17:42:41,428 - root - INFO - Creating Data Ingestion Artifact object.
2026-06-15 17:42:41,428 - root - INFO - Data Ingestion completed successfully. Artifact created: DataIngestionArtifact(trained_file_path='Artifacts/2026_06_15_17_42_39/data_ingestion/ingested/train.csv', test_file_path='Artifacts/2026_06_15_17_42_39/data_ingestion/ingested/test.csv', reference_data_file_path=None, trained_data_file_path=None)
2026-06-15 17:42:41,429 - root - INFO - ==================== Data Ingestion Process Finished ====================
2026-06-15 17:42:41,430 - root - INFO - Initializing DataValidation component
2026-06-15 17:42:41,436 - root - INFO - DataValidation initialized successfully
2026-06-15 17:42:41,436 - root - INFO - Initiating data validation
2026-06-15 17:42:41,436 - root - INFO - Reading data from Artifacts/2026_06_15_17_42_39/data_ingestion/ingested/train.csv
2026-06-15 17:42:41,518 - root - INFO - Reading data from Artifacts/2026_06_15_17_42_39/data_ingestion/ingested/test.csv
2026-06-15 17:42:41,539 - root - INFO - Validating number of columns
2026-06-15 17:42:41,539 - root - INFO - Column count validation failed: expected 5, got 14
2026-06-15 17:42:41,539 - root - INFO - Validating number of columns
2026-06-15 17:42:41,539 - root - INFO - Column count validation failed: expected 5, got 14
2026-06-15 17:42:41,539 - root - INFO - Starting drift detection
2026-06-15 17:42:41,792 - root - INFO - Drift report saved at Artifacts/2026_06_15_17_42_39/data_validation/drift_report/report.yaml
2026-06-15 17:42:41,792 - root - INFO - Starting drift detection
2026-06-15 17:42:42,124 - root - INFO - Drift report saved at Artifacts/2026_06_15_17_42_39/data_validation/drift_report/report.yaml
2026-06-15 17:42:42,124 - root - INFO - Data validation completed successfully
2026-06-15 17:42:42,125 - root - INFO - DataTransformation component initialized successfully.
2026-06-15 17:42:42,125 - root - INFO - ==================== Starting Data Transformation ====================
2026-06-15 17:42:42,125 - root - INFO - Reading data from Artifacts/2026_06_15_17_42_39/data_ingestion/ingested/train.csv
2026-06-15 17:42:42,201 - root - INFO - Reading data from Artifacts/2026_06_15_17_42_39/data_ingestion/ingested/test.csv
2026-06-15 17:42:42,222 - root - INFO - Train data shape: (55632, 14), Test data shape: (13908, 14)
2026-06-15 17:42:42,222 - root - INFO - Building preprocessor pipeline
2026-06-15 17:42:42,223 - root - INFO - Preprocessor pipeline built successfully.
2026-06-15 17:42:42,228 - root - INFO - Train input shape: (55632, 13), Train target shape: (55632,)
2026-06-15 17:42:42,229 - root - INFO - Test input shape: (13908, 13), Test target shape: (13908,)
2026-06-15 17:42:42,230 - root - INFO - Applying fit_transform on train data
2026-06-15 17:42:42,366 - root - INFO - Applying transform on test data
2026-06-15 17:42:42,384 - root - INFO - Train transformed shape: (55632, 13), Test transformed shape: (13908, 13)
2026-06-15 17:42:42,390 - root - INFO - Final train array shape: (55632, 14), Final test array shape: (13908, 14)
2026-06-15 17:42:42,391 - root - INFO - Saving transformed train array to Artifacts/2026_06_15_17_42_39/data_transformation/transformed_data/train.npy
2026-06-15 17:42:42,418 - root - INFO - Saving transformed test array to Artifacts/2026_06_15_17_42_39/data_transformation/transformed_data/test.npy
2026-06-15 17:42:42,424 - root - INFO - Saving preprocessor object to Artifacts/2026_06_15_17_42_39/data_transformation/transformed_object/preprocessing.pkl
2026-06-15 17:42:42,445 - root - INFO - ==================== Data Transformation Completed ====================
