2026-06-15 00:11:55,652 - root - INFO - Initializing Data Ingestion component...
2026-06-15 00:11:55,652 - root - INFO - Data Ingestion configuration loaded successfully.
2026-06-15 00:11:55,652 - root - INFO - ==================== Starting Data Ingestion Process ====================
2026-06-15 00:11:55,652 - root - INFO - Connecting to MongoDB database: 'Diabetes_DB' and collection: 'diabetes'...
2026-06-15 00:11:55,663 - root - INFO - Fetching data records from MongoDB...
2026-06-15 00:11:56,205 - root - INFO - Successfully fetched 70000 records from MongoDB.
2026-06-15 00:11:56,555 - root - INFO - Converted MongoDB records into Pandas DataFrame.
2026-06-15 00:11:56,556 - root - INFO - Dropping default MongoDB '_id' column from the DataFrame.
2026-06-15 00:11:56,562 - root - INFO - DataFrame shape after extraction: (70000, 13)
2026-06-15 00:11:56,608 - root - INFO - Exporting raw data to Feature Store path: Artifacts/2026_06_15_00_11_55/data_ingestion/feature_store/Diabetes_Data.csv
2026-06-15 00:11:56,935 - root - INFO - Raw data exported to Feature Store successfully.
2026-06-15 00:11:56,935 - root - INFO - Initiating Train-Test split on the DataFrame.
2026-06-15 00:11:56,949 - root - INFO - Split completed. Train shape: (56000, 13), Test shape: (14000, 13)
2026-06-15 00:11:56,950 - root - INFO - Creating directory structures for training and testing file splits.
2026-06-15 00:11:56,950 - root - INFO - Saving training file to: Artifacts/2026_06_15_00_11_55/data_ingestion/ingested/train.csv
2026-06-15 00:11:57,230 - root - INFO - Saving testing file to: Artifacts/2026_06_15_00_11_55/data_ingestion/ingested/test.csv
2026-06-15 00:11:57,336 - root - INFO - Train-Test files saved successfully.
2026-06-15 00:11:57,337 - root - INFO - Creating Data Ingestion Artifact object.
2026-06-15 00:11:57,337 - root - INFO - Data Ingestion completed successfully. Artifact created: DataIngestionArtifact(trained_file_path='Artifacts/2026_06_15_00_11_55/data_ingestion/ingested/train.csv', test_file_path='Artifacts/2026_06_15_00_11_55/data_ingestion/ingested/test.csv', reference_data_file_path=None, trained_data_file_path=None)
2026-06-15 00:11:57,337 - root - INFO - ==================== Data Ingestion Process Finished ====================
2026-06-15 00:11:57,338 - root - INFO - Initializing DataValidation component
2026-06-15 00:11:57,345 - root - INFO - DataValidation initialized successfully
2026-06-15 00:11:57,345 - root - INFO - Initiating data validation
2026-06-15 00:11:57,345 - root - INFO - Reading data from Artifacts/2026_06_15_00_11_55/data_ingestion/ingested/train.csv
2026-06-15 00:11:57,428 - root - INFO - Reading data from Artifacts/2026_06_15_00_11_55/data_ingestion/ingested/test.csv
2026-06-15 00:11:57,450 - root - INFO - Validating number of columns
2026-06-15 00:11:57,450 - root - INFO - Column count validation failed: expected 5, got 13
2026-06-15 00:11:57,450 - root - INFO - Validating number of columns
2026-06-15 00:11:57,450 - root - INFO - Column count validation failed: expected 5, got 13
2026-06-15 00:11:57,450 - root - INFO - Starting drift detection
2026-06-15 00:11:57,551 - root - INFO - Drift report saved at Artifacts/2026_06_15_00_11_55/data_validation/drift_report/report.yaml
2026-06-15 00:11:57,552 - root - INFO - Starting drift detection
2026-06-15 00:11:57,660 - root - INFO - Drift report saved at Artifacts/2026_06_15_00_11_55/data_validation/drift_report/report.yaml
2026-06-15 00:11:57,660 - root - INFO - Data validation completed successfully
