2026-06-15 01:48:47,911 - root - INFO - Initializing Data Ingestion component...
2026-06-15 01:48:47,911 - root - INFO - Data Ingestion configuration loaded successfully.
2026-06-15 01:48:47,912 - root - INFO - ==================== Starting Data Ingestion Process ====================
2026-06-15 01:48:47,912 - root - INFO - Connecting to MongoDB database: 'Diabetes_DB' and collection: 'diabetes'...
2026-06-15 01:48:47,927 - root - INFO - Fetching data records from MongoDB...
2026-06-15 01:48:48,519 - root - INFO - Successfully fetched 70000 records from MongoDB.
2026-06-15 01:48:48,833 - root - INFO - Converted MongoDB records into Pandas DataFrame.
2026-06-15 01:48:48,837 - root - INFO - Dropping default MongoDB '_id' column from the DataFrame.
2026-06-15 01:48:48,853 - root - INFO - DataFrame shape after extraction: (70000, 13)
2026-06-15 01:48:48,894 - root - INFO - Exporting raw data to Feature Store path: Artifacts/2026_06_15_01_48_47/data_ingestion/feature_store/Diabetes_Data.csv
2026-06-15 01:48:49,199 - root - INFO - Raw data exported to Feature Store successfully.
2026-06-15 01:48:49,277 - root - INFO - Initiating Train-Test split on the DataFrame.
2026-06-15 01:48:49,289 - root - INFO - Split completed. Train shape: (55632, 14), Test shape: (13908, 14)
2026-06-15 01:48:49,289 - root - INFO - Creating directory structures for training and testing file splits.
2026-06-15 01:48:49,290 - root - INFO - Saving training file to: Artifacts/2026_06_15_01_48_47/data_ingestion/ingested/train.csv
2026-06-15 01:48:49,636 - root - INFO - Saving testing file to: Artifacts/2026_06_15_01_48_47/data_ingestion/ingested/test.csv
2026-06-15 01:48:49,724 - root - INFO - Train-Test files saved successfully.
2026-06-15 01:48:49,725 - root - INFO - Creating Data Ingestion Artifact object.
2026-06-15 01:48:49,725 - root - INFO - Data Ingestion completed successfully. Artifact created: DataIngestionArtifact(trained_file_path='Artifacts/2026_06_15_01_48_47/data_ingestion/ingested/train.csv', test_file_path='Artifacts/2026_06_15_01_48_47/data_ingestion/ingested/test.csv', reference_data_file_path=None, trained_data_file_path=None)
2026-06-15 01:48:49,725 - root - INFO - ==================== Data Ingestion Process Finished ====================
2026-06-15 01:48:49,727 - root - INFO - Initializing DataValidation component
2026-06-15 01:48:49,730 - root - INFO - DataValidation initialized successfully
2026-06-15 01:48:49,730 - root - INFO - Initiating data validation
2026-06-15 01:48:49,730 - root - INFO - Reading data from Artifacts/2026_06_15_01_48_47/data_ingestion/ingested/train.csv
2026-06-15 01:48:49,815 - root - INFO - Reading data from Artifacts/2026_06_15_01_48_47/data_ingestion/ingested/test.csv
2026-06-15 01:48:49,835 - root - INFO - Validating number of columns
2026-06-15 01:48:49,835 - root - INFO - Column count validation failed: expected 5, got 14
2026-06-15 01:48:49,835 - root - INFO - Validating number of columns
2026-06-15 01:48:49,835 - root - INFO - Column count validation failed: expected 5, got 14
2026-06-15 01:48:49,835 - root - INFO - Starting drift detection
2026-06-15 01:48:50,096 - root - INFO - Drift report saved at Artifacts/2026_06_15_01_48_47/data_validation/drift_report/report.yaml
2026-06-15 01:48:50,096 - root - INFO - Starting drift detection
2026-06-15 01:48:50,469 - root - INFO - Drift report saved at Artifacts/2026_06_15_01_48_47/data_validation/drift_report/report.yaml
2026-06-15 01:48:50,469 - root - INFO - Data validation completed successfully
