2026-06-15 01:59:44,248 - root - INFO - Initializing Data Ingestion component...
2026-06-15 01:59:44,248 - root - INFO - Data Ingestion configuration loaded successfully.
2026-06-15 01:59:44,249 - root - INFO - ==================== Starting Data Ingestion Process ====================
2026-06-15 01:59:44,249 - root - INFO - Connecting to MongoDB database: 'Diabetes_DB' and collection: 'diabetes'...
2026-06-15 01:59:44,266 - root - INFO - Fetching data records from MongoDB...
2026-06-15 01:59:44,855 - root - INFO - Successfully fetched 70000 records from MongoDB.
2026-06-15 01:59:45,171 - root - INFO - Converted MongoDB records into Pandas DataFrame.
2026-06-15 01:59:45,174 - root - INFO - Dropping default MongoDB '_id' column from the DataFrame.
2026-06-15 01:59:45,191 - root - INFO - DataFrame shape after extraction: (70000, 13)
2026-06-15 01:59:45,231 - root - INFO - Exporting raw data to Feature Store path: Artifacts/2026_06_15_01_59_44/data_ingestion/feature_store/Diabetes_Data.csv
2026-06-15 01:59:45,536 - root - INFO - Raw data exported to Feature Store successfully.
2026-06-15 01:59:45,616 - root - INFO - Initiating Train-Test split on the DataFrame.
2026-06-15 01:59:45,628 - root - INFO - Split completed. Train shape: (55632, 14), Test shape: (13908, 14)
2026-06-15 01:59:45,628 - root - INFO - Creating directory structures for training and testing file splits.
2026-06-15 01:59:45,629 - root - INFO - Saving training file to: Artifacts/2026_06_15_01_59_44/data_ingestion/ingested/train.csv
2026-06-15 01:59:45,980 - root - INFO - Saving testing file to: Artifacts/2026_06_15_01_59_44/data_ingestion/ingested/test.csv
2026-06-15 01:59:46,082 - root - INFO - Train-Test files saved successfully.
2026-06-15 01:59:46,084 - root - INFO - Creating Data Ingestion Artifact object.
2026-06-15 01:59:46,084 - root - INFO - Data Ingestion completed successfully. Artifact created: DataIngestionArtifact(trained_file_path='Artifacts/2026_06_15_01_59_44/data_ingestion/ingested/train.csv', test_file_path='Artifacts/2026_06_15_01_59_44/data_ingestion/ingested/test.csv', reference_data_file_path=None, trained_data_file_path=None)
2026-06-15 01:59:46,084 - root - INFO - ==================== Data Ingestion Process Finished ====================
2026-06-15 01:59:46,087 - root - INFO - Initializing DataValidation component
2026-06-15 01:59:46,090 - root - INFO - DataValidation initialized successfully
2026-06-15 01:59:46,090 - root - INFO - Initiating data validation
2026-06-15 01:59:46,091 - root - INFO - Reading data from Artifacts/2026_06_15_01_59_44/data_ingestion/ingested/train.csv
2026-06-15 01:59:46,176 - root - INFO - Reading data from Artifacts/2026_06_15_01_59_44/data_ingestion/ingested/test.csv
2026-06-15 01:59:46,198 - root - INFO - Validating number of columns
2026-06-15 01:59:46,198 - root - INFO - Column count validation failed: expected 5, got 14
2026-06-15 01:59:46,198 - root - INFO - Validating number of columns
2026-06-15 01:59:46,198 - root - INFO - Column count validation failed: expected 5, got 14
2026-06-15 01:59:46,198 - root - INFO - Starting drift detection
2026-06-15 01:59:46,456 - root - INFO - Drift report saved at Artifacts/2026_06_15_01_59_44/data_validation/drift_report/report.yaml
2026-06-15 01:59:46,456 - root - INFO - Starting drift detection
2026-06-15 01:59:46,777 - root - INFO - Drift report saved at Artifacts/2026_06_15_01_59_44/data_validation/drift_report/report.yaml
2026-06-15 01:59:46,777 - root - INFO - Data validation completed successfully
2026-06-15 01:59:46,779 - root - INFO - DataTransformation component initialized successfully.
2026-06-15 01:59:46,779 - root - INFO - ==================== Starting Data Transformation ====================
2026-06-15 01:59:46,779 - root - INFO - Reading data from Artifacts/2026_06_15_01_59_44/data_ingestion/ingested/train.csv
2026-06-15 01:59:46,853 - root - INFO - Reading data from Artifacts/2026_06_15_01_59_44/data_ingestion/ingested/test.csv
2026-06-15 01:59:46,873 - root - INFO - Train data shape: (55632, 14), Test data shape: (13908, 14)
2026-06-15 01:59:46,873 - root - INFO - Building preprocessor pipeline
2026-06-15 01:59:46,874 - root - INFO - Preprocessor pipeline built successfully.
2026-06-15 01:59:46,879 - root - INFO - Train input shape: (55632, 13), Train target shape: (55632,)
2026-06-15 01:59:46,881 - root - INFO - Test input shape: (13908, 13), Test target shape: (13908,)
2026-06-15 01:59:46,881 - root - INFO - Applying fit_transform on train data
2026-06-15 01:59:46,994 - root - INFO - Applying transform on test data
2026-06-15 01:59:47,007 - root - INFO - Train transformed shape: (55632, 7), Test transformed shape: (13908, 7)
2026-06-15 01:59:47,011 - root - INFO - Final train array shape: (55632, 8), Final test array shape: (13908, 8)
2026-06-15 01:59:47,011 - root - INFO - Saving transformed train array to Artifacts/2026_06_15_01_59_44/data_transformation/transformed_data/train.npy
2026-06-15 01:59:47,029 - root - INFO - Saving transformed test array to Artifacts/2026_06_15_01_59_44/data_transformation/transformed_data/test.npy
2026-06-15 01:59:47,035 - root - INFO - Saving preprocessor object to Artifacts/2026_06_15_01_59_44/data_transformation/transformed_object/preprocessing.pkl
2026-06-15 01:59:47,040 - root - INFO - ==================== Data Transformation Completed ====================
