2026-06-14 19:46:27,232 - root - INFO - Initializing Data Ingestion component...
2026-06-14 19:46:27,234 - root - INFO - Data Ingestion configuration loaded successfully.
2026-06-14 19:46:27,234 - root - INFO - ==================== Starting Data Ingestion Process ====================
2026-06-14 19:46:27,234 - root - INFO - Connecting to MongoDB database: 'Diabetes_DB' and collection: 'diabetes'...
2026-06-14 19:46:27,252 - root - INFO - Fetching data records from MongoDB...
2026-06-14 19:46:27,813 - root - INFO - Successfully fetched 70000 records from MongoDB.
2026-06-14 19:46:28,145 - root - INFO - Converted MongoDB records into Pandas DataFrame.
2026-06-14 19:46:28,149 - root - INFO - Dropping default MongoDB '_id' column from the DataFrame.
2026-06-14 19:46:28,168 - root - INFO - DataFrame shape after extraction: (70000, 13)
2026-06-14 19:46:28,208 - root - INFO - Exporting raw data to Feature Store path: Artifacts/2026_06_14_19_46_27/data_ingestion/feature_store/NetworkData.csv
2026-06-14 19:46:28,520 - root - INFO - Raw data exported to Feature Store successfully.
2026-06-14 19:46:28,520 - root - INFO - Initiating Train-Test split on the DataFrame.
2026-06-14 19:46:28,540 - root - INFO - Split completed. Train shape: (56000, 13), Test shape: (14000, 13)
2026-06-14 19:46:28,540 - root - INFO - Creating directory structures for training and testing file splits.
2026-06-14 19:46:28,540 - root - INFO - Saving training file to: Artifacts/2026_06_14_19_46_27/data_ingestion/ingested/train.csv
2026-06-14 19:46:28,796 - root - INFO - Saving testing file to: Artifacts/2026_06_14_19_46_27/data_ingestion/ingested/test.csv
2026-06-14 19:46:28,893 - root - INFO - Train-Test files saved successfully.
2026-06-14 19:46:28,894 - root - INFO - Creating Data Ingestion Artifact object.
2026-06-14 19:46:28,894 - root - INFO - Data Ingestion completed successfully. Artifact created: DataIngestionArtifact(trained_file_path='Artifacts/2026_06_14_19_46_27/data_ingestion/ingested/train.csv', test_file_path='Artifacts/2026_06_14_19_46_27/data_ingestion/ingested/test.csv', reference_data_file_path=None, trained_data_file_path=None)
2026-06-14 19:46:28,895 - root - INFO - ==================== Data Ingestion Process Finished ====================
