2026-06-14 19:48:36,828 - root - INFO - Initializing Data Ingestion component...
2026-06-14 19:48:36,830 - root - INFO - Data Ingestion configuration loaded successfully.
2026-06-14 19:48:36,830 - root - INFO - ==================== Starting Data Ingestion Process ====================
2026-06-14 19:48:36,830 - root - INFO - Connecting to MongoDB database: 'Diabetes_DB' and collection: 'diabetes'...
2026-06-14 19:48:36,841 - root - INFO - Fetching data records from MongoDB...
2026-06-14 19:48:37,481 - root - INFO - Successfully fetched 70000 records from MongoDB.
2026-06-14 19:48:38,012 - root - INFO - Converted MongoDB records into Pandas DataFrame.
2026-06-14 19:48:38,015 - root - INFO - Dropping default MongoDB '_id' column from the DataFrame.
2026-06-14 19:48:38,027 - root - INFO - DataFrame shape after extraction: (70000, 13)
2026-06-14 19:48:38,065 - root - INFO - Exporting raw data to Feature Store path: Artifacts/2026_06_14_19_48_36/data_ingestion/feature_store/Diabetes_Data.csv
2026-06-14 19:48:38,546 - root - INFO - Raw data exported to Feature Store successfully.
2026-06-14 19:48:38,547 - root - INFO - Initiating Train-Test split on the DataFrame.
2026-06-14 19:48:38,564 - root - INFO - Split completed. Train shape: (56000, 13), Test shape: (14000, 13)
2026-06-14 19:48:38,564 - root - INFO - Creating directory structures for training and testing file splits.
2026-06-14 19:48:38,564 - root - INFO - Saving training file to: Artifacts/2026_06_14_19_48_36/data_ingestion/ingested/train.csv
2026-06-14 19:48:38,888 - root - INFO - Saving testing file to: Artifacts/2026_06_14_19_48_36/data_ingestion/ingested/test.csv
2026-06-14 19:48:38,984 - root - INFO - Train-Test files saved successfully.
2026-06-14 19:48:38,985 - root - INFO - Creating Data Ingestion Artifact object.
2026-06-14 19:48:38,985 - root - INFO - Data Ingestion completed successfully. Artifact created: DataIngestionArtifact(trained_file_path='Artifacts/2026_06_14_19_48_36/data_ingestion/ingested/train.csv', test_file_path='Artifacts/2026_06_14_19_48_36/data_ingestion/ingested/test.csv', reference_data_file_path=None, trained_data_file_path=None)
2026-06-14 19:48:38,986 - root - INFO - ==================== Data Ingestion Process Finished ====================
