2026-06-29 08:14:41,240 - root - INFO - Initializing Data Ingestion component...
2026-06-29 08:14:41,240 - root - INFO - Data Ingestion configuration loaded successfully.
2026-06-29 08:14:41,240 - root - INFO - ==================== Starting Data Ingestion Process ====================
2026-06-29 08:14:41,240 - root - INFO - Connecting to MongoDB database: 'Diabetes_DB' and collection: 'diabetes'...
2026-06-29 08:14:41,247 - root - INFO - Fetching data records from MongoDB...
2026-06-29 08:14:41,413 - root - INFO - Successfully fetched 70000 records from MongoDB.
2026-06-29 08:14:41,496 - root - INFO - Converted MongoDB records into Pandas DataFrame.
2026-06-29 08:14:41,499 - root - INFO - Dropping default MongoDB '_id' column from the DataFrame.
2026-06-29 08:14:41,502 - root - INFO - DataFrame shape after extraction: (70000, 13)
2026-06-29 08:14:41,516 - root - INFO - Exporting raw data to Feature Store path: Artifacts/2026_06_29_08_14_41/data_ingestion/feature_store/Diabetes_Data.csv
2026-06-29 08:14:41,588 - root - INFO - Raw data exported to Feature Store successfully.
2026-06-29 08:14:41,599 - root - INFO - Initiating Train-Test split on the DataFrame.
2026-06-29 08:14:41,601 - root - INFO - Split completed. Train shape: (55632, 14), Test shape: (13908, 14)
2026-06-29 08:14:41,601 - root - INFO - Creating directory structures for training and testing file splits.
2026-06-29 08:14:41,601 - root - INFO - Saving training file to: Artifacts/2026_06_29_08_14_41/data_ingestion/ingested/train.csv
2026-06-29 08:14:41,676 - root - INFO - Saving testing file to: Artifacts/2026_06_29_08_14_41/data_ingestion/ingested/test.csv
2026-06-29 08:14:41,694 - root - INFO - Train-Test files saved successfully.
2026-06-29 08:14:41,694 - root - INFO - Creating Data Ingestion Artifact object.
2026-06-29 08:14:41,694 - root - INFO - Data Ingestion completed successfully. Artifact created: DataIngestionArtifact(trained_file_path='Artifacts/2026_06_29_08_14_41/data_ingestion/ingested/train.csv', test_file_path='Artifacts/2026_06_29_08_14_41/data_ingestion/ingested/test.csv', reference_data_file_path=None, trained_data_file_path=None)
2026-06-29 08:14:41,694 - root - INFO - ==================== Data Ingestion Process Finished ====================
2026-06-29 08:14:41,694 - root - INFO - Initializing DataValidation component
2026-06-29 08:14:41,695 - root - INFO - DataValidation initialized successfully
2026-06-29 08:14:41,696 - root - INFO - Initiating data validation
2026-06-29 08:14:41,696 - root - INFO - Reading data from Artifacts/2026_06_29_08_14_41/data_ingestion/ingested/train.csv
2026-06-29 08:14:41,708 - root - INFO - Reading data from Artifacts/2026_06_29_08_14_41/data_ingestion/ingested/test.csv
2026-06-29 08:14:41,712 - root - INFO - Validating number of columns
2026-06-29 08:14:41,712 - root - INFO - Column count validation failed: expected 5, got 14
2026-06-29 08:14:41,712 - root - INFO - Validating number of columns
2026-06-29 08:14:41,712 - root - INFO - Column count validation failed: expected 5, got 14
2026-06-29 08:14:41,712 - root - INFO - Starting drift detection
2026-06-29 08:14:41,827 - root - INFO - Drift report saved at Artifacts/2026_06_29_08_14_41/data_validation/drift_report/report.yaml
2026-06-29 08:14:41,827 - root - INFO - Starting drift detection
2026-06-29 08:14:41,988 - root - INFO - Drift report saved at Artifacts/2026_06_29_08_14_41/data_validation/drift_report/report.yaml
2026-06-29 08:14:41,988 - root - INFO - Data validation completed successfully
2026-06-29 08:14:41,988 - root - INFO - DataTransformation component initialized successfully.
2026-06-29 08:14:41,988 - root - INFO - ==================== Starting Data Transformation ====================
2026-06-29 08:14:41,988 - root - INFO - Reading data from Artifacts/2026_06_29_08_14_41/data_ingestion/ingested/train.csv
2026-06-29 08:14:42,000 - root - INFO - Reading data from Artifacts/2026_06_29_08_14_41/data_ingestion/ingested/test.csv
2026-06-29 08:14:42,004 - root - INFO - Train data shape: (55632, 14), Test data shape: (13908, 14)
2026-06-29 08:14:42,004 - root - INFO - Building preprocessor pipeline
2026-06-29 08:14:42,004 - root - INFO - Preprocessor pipeline built successfully.
2026-06-29 08:14:42,004 - root - INFO - Train input shape: (55632, 13), Train target shape: (55632,)
2026-06-29 08:14:42,004 - root - INFO - Test input shape: (13908, 13), Test target shape: (13908,)
2026-06-29 08:14:42,004 - root - INFO - Applying fit_transform on train data
2026-06-29 08:14:42,021 - root - INFO - Applying transform on test data
2026-06-29 08:14:42,023 - root - INFO - Train transformed shape: (55632, 13), Test transformed shape: (13908, 13)
2026-06-29 08:14:42,024 - root - INFO - Final train array shape: (55632, 14), Final test array shape: (13908, 14)
2026-06-29 08:14:42,024 - root - INFO - Saving transformed train array to Artifacts/2026_06_29_08_14_41/data_transformation/transformed_data/train.npy
2026-06-29 08:14:42,025 - root - INFO - Saving transformed test array to Artifacts/2026_06_29_08_14_41/data_transformation/transformed_data/test.npy
2026-06-29 08:14:42,025 - root - INFO - Saving preprocessor object to Artifacts/2026_06_29_08_14_41/data_transformation/transformed_object/preprocessing.pkl
2026-06-29 08:14:42,026 - root - INFO - ==================== Data Transformation Completed ====================
