2026-06-29 01:28:27,650 - root - INFO - Initializing Data Ingestion component...
2026-06-29 01:28:27,650 - root - INFO - Data Ingestion configuration loaded successfully.
2026-06-29 01:28:27,650 - root - INFO - ==================== Starting Data Ingestion Process ====================
2026-06-29 01:28:27,650 - root - INFO - Connecting to MongoDB database: 'Diabetes_DB' and collection: 'diabetes'...
2026-06-29 01:28:27,653 - root - INFO - Fetching data records from MongoDB...
2026-06-29 01:28:27,806 - root - INFO - Successfully fetched 70000 records from MongoDB.
2026-06-29 01:28:27,887 - root - INFO - Converted MongoDB records into Pandas DataFrame.
2026-06-29 01:28:27,887 - root - INFO - Dropping default MongoDB '_id' column from the DataFrame.
2026-06-29 01:28:27,887 - root - INFO - DataFrame shape after extraction: (70000, 13)
2026-06-29 01:28:27,896 - root - INFO - Exporting raw data to Feature Store path: Artifacts/2026_06_29_01_28_27/data_ingestion/feature_store/Diabetes_Data.csv
2026-06-29 01:28:27,970 - root - INFO - Raw data exported to Feature Store successfully.
2026-06-29 01:28:27,980 - root - INFO - Initiating Train-Test split on the DataFrame.
2026-06-29 01:28:27,981 - root - INFO - Split completed. Train shape: (55632, 14), Test shape: (13908, 14)
2026-06-29 01:28:27,981 - root - INFO - Creating directory structures for training and testing file splits.
2026-06-29 01:28:27,982 - root - INFO - Saving training file to: Artifacts/2026_06_29_01_28_27/data_ingestion/ingested/train.csv
2026-06-29 01:28:28,054 - root - INFO - Saving testing file to: Artifacts/2026_06_29_01_28_27/data_ingestion/ingested/test.csv
2026-06-29 01:28:28,072 - root - INFO - Train-Test files saved successfully.
2026-06-29 01:28:28,072 - root - INFO - Creating Data Ingestion Artifact object.
2026-06-29 01:28:28,072 - root - INFO - Data Ingestion completed successfully. Artifact created: DataIngestionArtifact(trained_file_path='Artifacts/2026_06_29_01_28_27/data_ingestion/ingested/train.csv', test_file_path='Artifacts/2026_06_29_01_28_27/data_ingestion/ingested/test.csv', reference_data_file_path=None, trained_data_file_path=None)
2026-06-29 01:28:28,072 - root - INFO - ==================== Data Ingestion Process Finished ====================
2026-06-29 01:28:28,072 - root - INFO - Initializing DataValidation component
2026-06-29 01:28:28,073 - root - INFO - DataValidation initialized successfully
2026-06-29 01:28:28,073 - root - INFO - Initiating data validation
2026-06-29 01:28:28,073 - root - INFO - Reading data from Artifacts/2026_06_29_01_28_27/data_ingestion/ingested/train.csv
2026-06-29 01:28:28,086 - root - INFO - Reading data from Artifacts/2026_06_29_01_28_27/data_ingestion/ingested/test.csv
2026-06-29 01:28:28,089 - root - INFO - Validating number of columns
2026-06-29 01:28:28,089 - root - INFO - Column count validation failed: expected 5, got 14
2026-06-29 01:28:28,089 - root - INFO - Validating number of columns
2026-06-29 01:28:28,089 - root - INFO - Column count validation failed: expected 5, got 14
2026-06-29 01:28:28,089 - root - INFO - Starting drift detection
2026-06-29 01:28:28,203 - root - INFO - Drift report saved at Artifacts/2026_06_29_01_28_27/data_validation/drift_report/report.yaml
2026-06-29 01:28:28,203 - root - INFO - Starting drift detection
2026-06-29 01:28:28,364 - root - INFO - Drift report saved at Artifacts/2026_06_29_01_28_27/data_validation/drift_report/report.yaml
2026-06-29 01:28:28,365 - root - INFO - Data validation completed successfully
2026-06-29 01:28:28,365 - root - INFO - DataTransformation component initialized successfully.
2026-06-29 01:28:28,365 - root - INFO - ==================== Starting Data Transformation ====================
2026-06-29 01:28:28,365 - root - INFO - Reading data from Artifacts/2026_06_29_01_28_27/data_ingestion/ingested/train.csv
2026-06-29 01:28:28,376 - root - INFO - Reading data from Artifacts/2026_06_29_01_28_27/data_ingestion/ingested/test.csv
2026-06-29 01:28:28,380 - root - INFO - Train data shape: (55632, 14), Test data shape: (13908, 14)
2026-06-29 01:28:28,380 - root - INFO - Building preprocessor pipeline
2026-06-29 01:28:28,380 - root - INFO - Preprocessor pipeline built successfully.
2026-06-29 01:28:28,380 - root - INFO - Train input shape: (55632, 13), Train target shape: (55632,)
2026-06-29 01:28:28,380 - root - INFO - Test input shape: (13908, 13), Test target shape: (13908,)
2026-06-29 01:28:28,380 - root - INFO - Applying fit_transform on train data
2026-06-29 01:28:28,396 - root - INFO - Applying transform on test data
2026-06-29 01:28:28,398 - root - INFO - Train transformed shape: (55632, 13), Test transformed shape: (13908, 13)
2026-06-29 01:28:28,399 - root - INFO - Final train array shape: (55632, 14), Final test array shape: (13908, 14)
2026-06-29 01:28:28,399 - root - INFO - Saving transformed train array to Artifacts/2026_06_29_01_28_27/data_transformation/transformed_data/train.npy
2026-06-29 01:28:28,400 - root - INFO - Saving transformed test array to Artifacts/2026_06_29_01_28_27/data_transformation/transformed_data/test.npy
2026-06-29 01:28:28,400 - root - INFO - Saving preprocessor object to Artifacts/2026_06_29_01_28_27/data_transformation/transformed_object/preprocessing.pkl
2026-06-29 01:28:28,401 - root - INFO - ==================== Data Transformation Completed ====================
