2026-07-29 01:19:26,288 - root - INFO - Starting the Fraud Detection Training Pipeline...
2026-07-29 01:19:26,288 - root - INFO - >>> Phase 1: Data Ingestion Started
2026-07-29 01:19:26,288 - root - INFO - Initializing Data Ingestion component...
2026-07-29 01:19:26,288 - root - INFO - Data Ingestion configuration loaded successfully.
2026-07-29 01:19:26,288 - root - INFO - ==================== Starting Data Ingestion Process ====================
2026-07-29 01:19:26,288 - root - INFO - Connecting to MongoDB database: 'heart_disease_db' and collection: 'cardio'...
2026-07-29 01:19:26,292 - root - INFO - Fetching data records from MongoDB...
2026-07-29 01:19:26,490 - root - INFO - Successfully fetched 70000 records from MongoDB.
2026-07-29 01:19:26,577 - root - INFO - Converted MongoDB records into Pandas DataFrame.
2026-07-29 01:19:26,577 - root - INFO - Dropping default MongoDB '_id' column from the DataFrame.
2026-07-29 01:19:26,579 - root - INFO - DataFrame shape after extraction: (70000, 13)
2026-07-29 01:19:26,589 - root - INFO - Exporting raw data to Feature Store path: Artifacts/2026_07_29_01_19_26/data_ingestion/feature_store/Cardio_Data.csv
2026-07-29 01:19:26,662 - root - INFO - Raw data exported to Feature Store successfully.
2026-07-29 01:19:26,669 - root - INFO - Initiating Train-Test split on the DataFrame.
2026-07-29 01:19:26,671 - root - INFO - Split completed. Train shape: (54764, 12), Test shape: (13691, 12)
2026-07-29 01:19:26,671 - root - INFO - Creating directory structures for training and testing file splits.
2026-07-29 01:19:26,671 - root - INFO - Saving training file to: Artifacts/2026_07_29_01_19_26/data_ingestion/ingested/train.csv
2026-07-29 01:19:26,728 - root - INFO - Saving testing file to: Artifacts/2026_07_29_01_19_26/data_ingestion/ingested/test.csv
2026-07-29 01:19:26,742 - root - INFO - Train-Test files saved successfully.
2026-07-29 01:19:26,742 - root - INFO - Creating Data Ingestion Artifact object.
2026-07-29 01:19:26,742 - root - INFO - Data Ingestion completed successfully. Artifact created: DataIngestionArtifact(trained_file_path='Artifacts/2026_07_29_01_19_26/data_ingestion/ingested/train.csv', test_file_path='Artifacts/2026_07_29_01_19_26/data_ingestion/ingested/test.csv', reference_data_file_path=None, trained_data_file_path=None)
2026-07-29 01:19:26,742 - root - INFO - ==================== Data Ingestion Process Finished ====================
2026-07-29 01:19:26,742 - root - INFO - <<< Phase 1: Data Ingestion Completed successfully.
2026-07-29 01:19:26,742 - root - INFO - >>> Phase 2: Data Validation Started
2026-07-29 01:19:26,742 - root - INFO - Initializing DataValidation component
2026-07-29 01:19:26,744 - root - INFO - DataValidation initialized successfully
2026-07-29 01:19:26,744 - root - INFO - Initiating data validation
2026-07-29 01:19:26,744 - root - INFO - Reading data from Artifacts/2026_07_29_01_19_26/data_ingestion/ingested/train.csv
2026-07-29 01:19:26,752 - root - INFO - Reading data from Artifacts/2026_07_29_01_19_26/data_ingestion/ingested/test.csv
2026-07-29 01:19:26,755 - root - INFO - Validating number of columns
2026-07-29 01:19:26,755 - root - INFO - Column count validation failed: expected 5, got 12
2026-07-29 01:19:26,755 - root - INFO - Validating number of columns
2026-07-29 01:19:26,755 - root - INFO - Column count validation failed: expected 5, got 12
2026-07-29 01:19:26,755 - root - INFO - Starting drift detection
2026-07-29 01:19:26,801 - root - INFO - Drift report saved at Artifacts/2026_07_29_01_19_26/data_validation/drift_report/report.yaml
2026-07-29 01:19:26,801 - root - INFO - Starting drift detection
2026-07-29 01:19:26,866 - root - INFO - Drift report saved at Artifacts/2026_07_29_01_19_26/data_validation/drift_report/report.yaml
2026-07-29 01:19:26,866 - root - INFO - Data validation completed successfully
2026-07-29 01:19:26,866 - root - INFO - <<< Phase 2: Data Validation Completed successfully.
2026-07-29 01:19:26,866 - root - INFO - >>> Phase 3: Feature Extraction Started
2026-07-29 01:19:26,866 - root - INFO - Initializing Feature Extraction Component.
2026-07-29 01:19:26,866 - root - INFO - ==================== Starting Feature Extraction Pipeline ====================
2026-07-29 01:19:26,866 - root - INFO - Loading validated dataset targets from validation artifact paths.
2026-07-29 01:19:26,876 - root - INFO - Enforcing strict conversion of time indexes to Timestamp types.
2026-07-29 01:19:26,877 - root - ERROR - Critical failure during complete execution of feature extraction pipeline cascades.
2026-07-29 01:19:26,877 - root - ERROR - Pipeline failed with an error: Error occured in script:[/Users/anish/Documents/Heart-Disease-Predictor/cardio/components/featureextraction.py]/ at line number:[114] error message:['trans_date_trans_time']
