2026-07-29 01:44:53,985 - root - INFO - Starting the Fraud Detection Training Pipeline...
2026-07-29 01:44:53,985 - root - INFO - >>> Phase 1: Data Ingestion Started
2026-07-29 01:44:53,985 - root - INFO - Initializing Data Ingestion component...
2026-07-29 01:44:53,985 - root - INFO - Data Ingestion configuration loaded successfully.
2026-07-29 01:44:53,985 - root - INFO - ==================== Starting Data Ingestion Process ====================
2026-07-29 01:44:53,985 - root - INFO - Connecting to MongoDB database: 'heart_disease_db' and collection: 'cardio'...
2026-07-29 01:44:53,990 - root - INFO - Fetching data records from MongoDB...
2026-07-29 01:44:54,174 - root - INFO - Successfully fetched 70000 records from MongoDB.
2026-07-29 01:44:54,262 - root - INFO - Converted MongoDB records into Pandas DataFrame.
2026-07-29 01:44:54,262 - root - INFO - Dropping default MongoDB '_id' column from the DataFrame.
2026-07-29 01:44:54,263 - root - INFO - DataFrame shape after extraction: (70000, 13)
2026-07-29 01:44:54,275 - root - INFO - Exporting raw data to Feature Store path: Artifacts/2026_07_29_01_44_53/data_ingestion/feature_store/Cardio_Data.csv
2026-07-29 01:44:54,349 - root - INFO - Raw data exported to Feature Store successfully.
2026-07-29 01:44:54,356 - root - INFO - Initiating Train-Test split on the DataFrame.
2026-07-29 01:44:54,357 - root - INFO - Split completed. Train shape: (54764, 12), Test shape: (13691, 12)
2026-07-29 01:44:54,358 - root - INFO - Creating directory structures for training and testing file splits.
2026-07-29 01:44:54,358 - root - INFO - Saving training file to: Artifacts/2026_07_29_01_44_53/data_ingestion/ingested/train.csv
2026-07-29 01:44:54,414 - root - INFO - Saving testing file to: Artifacts/2026_07_29_01_44_53/data_ingestion/ingested/test.csv
2026-07-29 01:44:54,428 - root - INFO - Train-Test files saved successfully.
2026-07-29 01:44:54,428 - root - INFO - Creating Data Ingestion Artifact object.
2026-07-29 01:44:54,428 - root - INFO - Data Ingestion completed successfully. Artifact created: DataIngestionArtifact(trained_file_path='Artifacts/2026_07_29_01_44_53/data_ingestion/ingested/train.csv', test_file_path='Artifacts/2026_07_29_01_44_53/data_ingestion/ingested/test.csv', reference_data_file_path=None, trained_data_file_path=None)
2026-07-29 01:44:54,429 - root - INFO - ==================== Data Ingestion Process Finished ====================
2026-07-29 01:44:54,429 - root - INFO - <<< Phase 1: Data Ingestion Completed successfully.
2026-07-29 01:44:54,429 - root - INFO - >>> Phase 2: Data Validation Started
2026-07-29 01:44:54,429 - root - INFO - Initializing DataValidation component
2026-07-29 01:44:54,430 - root - INFO - DataValidation initialized successfully
2026-07-29 01:44:54,430 - root - INFO - Initiating data validation
2026-07-29 01:44:54,430 - root - INFO - Reading data from Artifacts/2026_07_29_01_44_53/data_ingestion/ingested/train.csv
2026-07-29 01:44:54,438 - root - INFO - Reading data from Artifacts/2026_07_29_01_44_53/data_ingestion/ingested/test.csv
2026-07-29 01:44:54,441 - root - INFO - Validating number of columns
2026-07-29 01:44:54,441 - root - INFO - Column count validation failed: expected 5, got 12
2026-07-29 01:44:54,441 - root - INFO - Validating number of columns
2026-07-29 01:44:54,441 - root - INFO - Column count validation failed: expected 5, got 12
2026-07-29 01:44:54,441 - root - INFO - Starting drift detection
2026-07-29 01:44:54,486 - root - INFO - Drift report saved at Artifacts/2026_07_29_01_44_53/data_validation/drift_report/report.yaml
2026-07-29 01:44:54,486 - root - INFO - Starting drift detection
2026-07-29 01:44:54,551 - root - INFO - Drift report saved at Artifacts/2026_07_29_01_44_53/data_validation/drift_report/report.yaml
2026-07-29 01:44:54,551 - root - INFO - Data validation completed successfully
2026-07-29 01:44:54,551 - root - INFO - <<< Phase 2: Data Validation Completed successfully.
2026-07-29 01:44:54,551 - root - INFO - >>> Phase 3: Feature Extraction Started
2026-07-29 01:44:54,551 - root - INFO - Initializing Feature Extraction Component.
2026-07-29 01:44:54,551 - root - INFO - ==================== Starting Feature Extraction Pipeline ====================
2026-07-29 01:44:54,551 - root - INFO - Loading validated dataset targets from validation artifact paths.
2026-07-29 01:44:54,563 - root - INFO - Adding health and lifestyle features.
2026-07-29 01:44:54,568 - root - INFO - Health and lifestyle indicators added successfully.
2026-07-29 01:44:54,568 - root - INFO - Adding BP category features.
2026-07-29 01:44:54,574 - root - INFO - BP category feature processing completed.
2026-07-29 01:44:54,574 - root - INFO - Persisting processed engineering train matrix split out to: Artifacts/2026_07_29_01_44_53/data_feature_extraction/train.csv
2026-07-29 01:44:54,716 - root - INFO - Persisting processed engineering test matrix split out to: Artifacts/2026_07_29_01_44_53/data_feature_extraction/test.csv
2026-07-29 01:44:54,752 - root - INFO - Constructing complete Feature Extraction Pipeline Output Artifact object.
2026-07-29 01:44:54,752 - root - INFO - ==================== Feature Extraction Pipeline Success ====================
2026-07-29 01:44:54,753 - root - INFO - <<< Phase 3: Feature Extraction Completed successfully.
2026-07-29 01:44:54,753 - root - INFO - >>> Phase 4: Data Transformation Started
2026-07-29 01:44:54,753 - root - INFO - DataTransformation component initialized successfully.
2026-07-29 01:44:54,753 - root - INFO - ==================== Starting Data Transformation ====================
2026-07-29 01:44:54,753 - root - INFO - Reading data from Artifacts/2026_07_29_01_44_53/data_feature_extraction/train.csv
2026-07-29 01:44:54,778 - root - INFO - Reading data from Artifacts/2026_07_29_01_44_53/data_feature_extraction/test.csv
2026-07-29 01:44:54,785 - root - INFO - Train data shape: (54764, 24), Test data shape: (13691, 24)
2026-07-29 01:44:54,785 - root - INFO - Building preprocessor pipeline
2026-07-29 01:44:54,785 - root - INFO - Preprocessor pipeline built successfully.
2026-07-29 01:44:54,786 - root - INFO - Train input shape: (54764, 23), Train target shape: (54764,)
2026-07-29 01:44:54,786 - root - INFO - Test input shape: (13691, 23), Test target shape: (13691,)
2026-07-29 01:44:54,786 - root - INFO - Applying fit_transform on train data
2026-07-29 01:44:54,801 - root - INFO - Applying transform on test data
2026-07-29 01:44:54,804 - root - INFO - Train transformed shape: (54764, 13), Test transformed shape: (13691, 13)
2026-07-29 01:44:54,804 - root - INFO - Final train array shape: (54764, 14), Final test array shape: (13691, 14)
2026-07-29 01:44:54,804 - root - INFO - Saving transformed train array to Artifacts/2026_07_29_01_44_53/data_transformation/transformed_data/train.npy
2026-07-29 01:44:54,805 - root - INFO - Saving transformed test array to Artifacts/2026_07_29_01_44_53/data_transformation/transformed_data/test.npy
2026-07-29 01:44:54,805 - root - INFO - Saving preprocessor object to Artifacts/2026_07_29_01_44_53/data_transformation/transformed_object/preprocessing.pkl
2026-07-29 01:44:54,806 - root - INFO - ==================== Data Transformation Completed ====================
2026-07-29 01:44:54,806 - root - INFO - <<< Phase 4: Data Transformation Completed successfully.
2026-07-29 01:44:54,806 - root - INFO - >>> Phase 5: Model Training Started
2026-07-29 01:44:58,996 - root - INFO - <<< Phase 5: Model Training Completed successfully.
2026-07-29 01:44:58,996 - root - INFO - Fraud Detection Training Pipeline has successfully finished all phases!
