2026-07-29 00:01:02,012 - root - INFO - Initializing Data Ingestion component...
2026-07-29 00:01:02,012 - root - INFO - Data Ingestion configuration loaded successfully.
2026-07-29 00:01:02,012 - root - INFO - ==================== Starting Data Ingestion Process ====================
2026-07-29 00:01:02,012 - root - INFO - Connecting to MongoDB database: 'heart_disease_db' and collection: 'cardio'...
2026-07-29 00:01:02,017 - root - INFO - Fetching data records from MongoDB...
2026-07-29 00:01:02,195 - root - INFO - Successfully fetched 70000 records from MongoDB.
2026-07-29 00:01:02,281 - root - INFO - Converted MongoDB records into Pandas DataFrame.
2026-07-29 00:01:02,282 - root - INFO - Dropping default MongoDB '_id' column from the DataFrame.
2026-07-29 00:01:02,283 - root - INFO - DataFrame shape after extraction: (70000, 13)
2026-07-29 00:01:02,294 - root - INFO - Exporting raw data to Feature Store path: Artifacts/2026_07_29_00_01_02/data_ingestion/feature_store/Cardio_Data.csv
2026-07-29 00:01:02,368 - root - INFO - Raw data exported to Feature Store successfully.
2026-07-29 00:01:02,381 - root - INFO - Initiating Train-Test split on the DataFrame.
2026-07-29 00:01:02,383 - root - INFO - Split completed. Train shape: (55632, 14), Test shape: (13908, 14)
2026-07-29 00:01:02,383 - root - INFO - Creating directory structures for training and testing file splits.
2026-07-29 00:01:02,383 - root - INFO - Saving training file to: Artifacts/2026_07_29_00_01_02/data_ingestion/ingested/train.csv
2026-07-29 00:01:02,457 - root - INFO - Saving testing file to: Artifacts/2026_07_29_00_01_02/data_ingestion/ingested/test.csv
2026-07-29 00:01:02,476 - root - INFO - Train-Test files saved successfully.
2026-07-29 00:01:02,476 - root - INFO - Creating Data Ingestion Artifact object.
2026-07-29 00:01:02,476 - root - INFO - Data Ingestion completed successfully. Artifact created: DataIngestionArtifact(trained_file_path='Artifacts/2026_07_29_00_01_02/data_ingestion/ingested/train.csv', test_file_path='Artifacts/2026_07_29_00_01_02/data_ingestion/ingested/test.csv', reference_data_file_path=None, trained_data_file_path=None)
2026-07-29 00:01:02,476 - root - INFO - ==================== Data Ingestion Process Finished ====================
2026-07-29 00:01:02,476 - root - INFO - Initializing DataValidation component
2026-07-29 00:01:02,477 - root - INFO - DataValidation initialized successfully
2026-07-29 00:01:02,477 - root - INFO - Initiating data validation
2026-07-29 00:01:02,477 - root - INFO - Reading data from Artifacts/2026_07_29_00_01_02/data_ingestion/ingested/train.csv
2026-07-29 00:01:02,491 - root - INFO - Reading data from Artifacts/2026_07_29_00_01_02/data_ingestion/ingested/test.csv
2026-07-29 00:01:02,494 - root - INFO - Validating number of columns
2026-07-29 00:01:02,494 - root - INFO - Column count validation failed: expected 5, got 14
2026-07-29 00:01:02,494 - root - INFO - Validating number of columns
2026-07-29 00:01:02,494 - root - INFO - Column count validation failed: expected 5, got 14
2026-07-29 00:01:02,494 - root - INFO - Starting drift detection
2026-07-29 00:01:02,620 - root - INFO - Drift report saved at Artifacts/2026_07_29_00_01_02/data_validation/drift_report/report.yaml
2026-07-29 00:01:02,621 - root - INFO - Starting drift detection
2026-07-29 00:01:02,792 - root - INFO - Drift report saved at Artifacts/2026_07_29_00_01_02/data_validation/drift_report/report.yaml
2026-07-29 00:01:02,792 - root - INFO - Data validation completed successfully
2026-07-29 00:01:02,792 - root - INFO - DataTransformation component initialized successfully.
2026-07-29 00:01:02,792 - root - INFO - ==================== Starting Data Transformation ====================
2026-07-29 00:01:02,792 - root - INFO - Reading data from Artifacts/2026_07_29_00_01_02/data_ingestion/ingested/train.csv
2026-07-29 00:01:02,804 - root - INFO - Reading data from Artifacts/2026_07_29_00_01_02/data_ingestion/ingested/test.csv
2026-07-29 00:01:02,807 - root - INFO - Train data shape: (55632, 14), Test data shape: (13908, 14)
2026-07-29 00:01:02,807 - root - INFO - Building preprocessor pipeline
2026-07-29 00:01:02,807 - root - INFO - Preprocessor pipeline built successfully.
2026-07-29 00:01:02,808 - root - INFO - Train input shape: (55632, 13), Train target shape: (55632,)
2026-07-29 00:01:02,808 - root - INFO - Test input shape: (13908, 13), Test target shape: (13908,)
2026-07-29 00:01:02,808 - root - INFO - Applying fit_transform on train data
