2026-07-29 01:00:37,971 - root - INFO - Initializing Data Ingestion component...
2026-07-29 01:00:37,971 - root - INFO - Data Ingestion configuration loaded successfully.
2026-07-29 01:00:37,971 - root - INFO - ==================== Starting Data Ingestion Process ====================
2026-07-29 01:00:37,971 - root - INFO - Connecting to MongoDB database: 'heart_disease_db' and collection: 'cardio'...
2026-07-29 01:00:37,975 - root - INFO - Fetching data records from MongoDB...
2026-07-29 01:00:38,163 - root - INFO - Successfully fetched 70000 records from MongoDB.
2026-07-29 01:00:38,250 - root - INFO - Converted MongoDB records into Pandas DataFrame.
2026-07-29 01:00:38,252 - root - INFO - Dropping default MongoDB '_id' column from the DataFrame.
2026-07-29 01:00:38,256 - root - INFO - DataFrame shape after extraction: (70000, 13)
2026-07-29 01:00:38,266 - root - INFO - Exporting raw data to Feature Store path: Artifacts/2026_07_29_01_00_37/data_ingestion/feature_store/Cardio_Data.csv
2026-07-29 01:00:38,342 - root - INFO - Raw data exported to Feature Store successfully.
2026-07-29 01:00:38,349 - root - INFO - Initiating Train-Test split on the DataFrame.
2026-07-29 01:00:38,351 - root - INFO - Split completed. Train shape: (54764, 12), Test shape: (13691, 12)
2026-07-29 01:00:38,351 - root - INFO - Creating directory structures for training and testing file splits.
2026-07-29 01:00:38,351 - root - INFO - Saving training file to: Artifacts/2026_07_29_01_00_37/data_ingestion/ingested/train.csv
2026-07-29 01:00:38,408 - root - INFO - Saving testing file to: Artifacts/2026_07_29_01_00_37/data_ingestion/ingested/test.csv
2026-07-29 01:00:38,423 - root - INFO - Train-Test files saved successfully.
2026-07-29 01:00:38,423 - root - INFO - Creating Data Ingestion Artifact object.
2026-07-29 01:00:38,423 - root - INFO - Data Ingestion completed successfully. Artifact created: DataIngestionArtifact(trained_file_path='Artifacts/2026_07_29_01_00_37/data_ingestion/ingested/train.csv', test_file_path='Artifacts/2026_07_29_01_00_37/data_ingestion/ingested/test.csv', reference_data_file_path=None, trained_data_file_path=None)
2026-07-29 01:00:38,423 - root - INFO - ==================== Data Ingestion Process Finished ====================
2026-07-29 01:00:38,424 - root - INFO - Initializing DataValidation component
2026-07-29 01:00:38,425 - root - INFO - DataValidation initialized successfully
2026-07-29 01:00:38,425 - root - INFO - Initiating data validation
2026-07-29 01:00:38,425 - root - INFO - Reading data from Artifacts/2026_07_29_01_00_37/data_ingestion/ingested/train.csv
2026-07-29 01:00:38,434 - root - INFO - Reading data from Artifacts/2026_07_29_01_00_37/data_ingestion/ingested/test.csv
2026-07-29 01:00:38,437 - root - INFO - Validating number of columns
2026-07-29 01:00:38,437 - root - INFO - Column count validation failed: expected 5, got 12
2026-07-29 01:00:38,437 - root - INFO - Validating number of columns
2026-07-29 01:00:38,437 - root - INFO - Column count validation failed: expected 5, got 12
2026-07-29 01:00:38,437 - root - INFO - Starting drift detection
2026-07-29 01:00:38,484 - root - INFO - Drift report saved at Artifacts/2026_07_29_01_00_37/data_validation/drift_report/report.yaml
2026-07-29 01:00:38,484 - root - INFO - Starting drift detection
2026-07-29 01:00:38,548 - root - INFO - Drift report saved at Artifacts/2026_07_29_01_00_37/data_validation/drift_report/report.yaml
2026-07-29 01:00:38,548 - root - INFO - Data validation completed successfully
2026-07-29 01:00:38,548 - root - INFO - DataTransformation component initialized successfully.
2026-07-29 01:00:38,548 - root - INFO - ==================== Starting Data Transformation ====================
